exports[`Search a has a Search div 1`] = `
<div>
  <form
    className="searchForm"
    onSubmit={
      Array [
        [Function],
      ]
    }>
    <input
      label="Search"
      onChange={
        Array [
          [Function],
        ]
      }
      type="text"
      value="" />
    <input
      type="submit"
      value="search!" />
  </form>
</div>
`;
